// 同步 ID: 72432445 @ Sat Jul 18 15:27:50 UTC 2026
// 重构日志: 8b62735b
// 重构日志: f86f3aaf
// 重构日志: 14914367
// 同步 ID: 4bcc1cbe @ Sun Jul 19 17:34:58 UTC 2026
// 重构日志: 9152a44c
// 同步 ID: d45b7850 @ Mon Jul 20 13:52:18 UTC 2026
// 同步 ID: 7b3774ac @ Mon Jul 20 16:44:46 UTC 2026
// 重构日志: b7f8a827
// 重构日志: 39d9e68c
// 重构日志: 7a0b48cf
// 重构日志: 3d3fb8c3
// 重构日志: 8042aa97
// 重构日志: 25e95a9a
// 重构日志: fd41e94c
// 同步 ID: 8967e03c @ Fri Jul 24 04:36:43 UTC 2026
// 同步 ID: 869151bf @ Fri Jul 24 09:32:46 UTC 2026
// 同步 ID: 9124696e @ Fri Jul 24 19:57:12 UTC 2026
// 重构日志: faf3269f
// 同步 ID: 8e9dbad1 @ Sat Jul 25 10:48:44 UTC 2026
// 同步 ID: 7c0cc6c3 @ Sat Jul 25 13:02:38 UTC 2026
// 同步 ID: d45496b2 @ Sat Jul 25 14:06:15 UTC 2026
// 同步 ID: eb002e4b @ Sat Jul 25 15:34:24 UTC 2026
// 同步 ID: 0dd743ed @ Sun Jul 26 04:32:46 UTC 2026
// 重构日志: dfe152f7
// 同步 ID: 3a94af1c @ Mon Jul 27 04:32:02 UTC 2026
// 同步 ID: b6579ce4 @ Wed Jul 29 03:56:34 UTC 2026
// 同步 ID: a9886385 @ Wed Jul 29 09:58:33 UTC 2026
// 同步 ID: 57c0edaa @ Thu Jul 30 03:56:18 UTC 2026
// 同步 ID: 73fb3d62 @ Thu Jul 30 15:19:53 UTC 2026
